### notebook 1/17: heart-alignment-varying-thickness.ipynb
/localscratch/selman.ozleyen/squidpy-stalign-comparisons/jobs/38938878/squidpy-ports/vendor/STalign/STalign/STalign.py:1043: UserWarning: To copy construct from a tensor, it is recommended to use sourceTensor.detach().clone() or sourceTensor.detach().clone().requires_grad_(True), rather than torch.tensor(sourceTensor).
  L = torch.tensor(L,device=device,dtype=dtype,requires_grad=True)
/localscratch/selman.ozleyen/squidpy-stalign-comparisons/jobs/38938878/squidpy-ports/vendor/STalign/STalign/STalign.py:1044: UserWarning: To copy construct from a tensor, it is recommended to use sourceTensor.detach().clone() or sourceTensor.detach().clone().requires_grad_(True), rather than torch.tensor(sourceTensor).
  T = torch.tensor(T,device=device,dtype=dtype,requires_grad=True)
/localscratch/selman.ozleyen/squidpy-stalign-comparisons/jobs/38938878/squidpy-ports/vendor/STalign/STalign/STalign.py:1301: UserWarning: Data has no positive values, and therefore cannot be log-scaled.
  axE[2].set_yscale('log')
/localscratch/selman.ozleyen/squidpy-stalign-comparisons/jobs/38938878/squidpy-ports/vendor/STalign/STalign/STalign.py:1660: UserWarning: To copy construct from a tensor, it is recommended to use sourceTensor.detach().clone() or sourceTensor.detach().clone().requires_grad_(True), rather than torch.tensor(sourceTensor).
  A = torch.tensor(A)
/localscratch/selman.ozleyen/squidpy-stalign-comparisons/jobs/38938878/squidpy-ports/vendor/STalign/STalign/STalign.py:1661: UserWarning: To copy construct from a tensor, it is recommended to use sourceTensor.detach().clone() or sourceTensor.detach().clone().requires_grad_(True), rather than torch.tensor(sourceTensor).
  if v is not None: v = torch.tensor(v)
/localscratch/selman.ozleyen/squidpy-stalign-comparisons/jobs/38938878/squidpy-ports/vendor/STalign/STalign/STalign.py:1666: UserWarning: To copy construct from a tensor, it is recommended to use sourceTensor.detach().clone() or sourceTensor.detach().clone().requires_grad_(True), rather than torch.tensor(sourceTensor).
  XJ = torch.stack(torch.meshgrid([torch.tensor(x) for x in XJ],indexing='ij'),-1)
/localscratch/selman.ozleyen/squidpy-stalign-comparisons/jobs/38938878/squidpy-ports/vendor/STalign/STalign/STalign.py:1673: UserWarning: To copy construct from a tensor, it is recommended to use sourceTensor.detach().clone() or sourceTensor.detach().clone().requires_grad_(True), rather than torch.tensor(sourceTensor).
  XJ = torch.tensor(XJ)
   Unnamed: 0             x             y  ...  rostral.caudal  spot.id    image
0       23955   8531.077148  15460.102539  ...      668.974491      NaN  CN73_D2
1       23956  10820.615234  13469.435547  ...      548.468564      NaN  CN73_D2
2       23957  10621.416992  13253.666992  ...      530.467679      NaN  CN73_D2
3       23958  10583.570312  13248.559570  ...      529.967654      NaN  CN73_D2
4       23959  10541.403320  13236.280273  ...      527.967556      NaN  CN73_D2

[5 rows x 12 columns]
0 of 3605
3604 of 3605
   Unnamed: 0            x             y  ...  rostral.caudal  spot.id    image
0       27561  8411.487305  16145.589844  ...      705.649295      NaN  CN73_C2
1       27562  8572.000000  16053.444336  ...      700.149024      NaN  CN73_C2
2       27563  5272.444336  15628.444336  ...      662.647180      NaN  CN73_C2
3       27564  8577.416992  15178.750000  ...      647.646442      NaN  CN73_C2
4       27565  6675.083496  15168.583008  ...      640.646097     95.0  CN73_C2

[5 rows x 12 columns]
0 of 3387
3386 of 3387
### heart-alignment-varying-thickness.ipynb: FAILED: ValueError: Non-hashable static arguments are not supported. An error occurred while trying to hash an object of type <class 'numpy.ndarray'>, 100. The error was:
TypeError: unhashable type: 'numpy.ndarray'

### notebook 2/17: heart-alignment.ipynb
/localscratch/selman.ozleyen/squidpy-stalign-comparisons/jobs/38938878/.venv/lib/python3.13/site-packages/torch/utils/_device.py:122: UserWarning: To copy construct from a tensor, it is recommended to use sourceTensor.detach().clone() or sourceTensor.detach().clone().requires_grad_(True), rather than torch.tensor(sourceTensor).
  return func(*args, **kwargs)
/localscratch/selman.ozleyen/squidpy-stalign-comparisons/jobs/38938878/squidpy-ports/vendor/STalign/STalign/STalign.py:1301: UserWarning: Data has no positive values, and therefore cannot be log-scaled.
  axE[2].set_yscale('log')
   Unnamed: 0             x             y  ...  rostral.caudal  spot.id    image
0           1   9220.548828  27954.275391  ...      775.168105      NaN  CN73_E1
1           2  16412.062500  27723.751953  ...      775.176714      NaN  CN73_E1
2           3  16451.130859  27567.246094  ...      775.176714      NaN  CN73_E1
3           4  18739.607422  27238.117188  ...      775.176714      NaN  CN73_E1
4           5  18713.855469  27219.013672  ...      775.176714      NaN  CN73_E1

[5 rows x 12 columns]
0 of 12183
10000 of 12183
12182 of 12183
   Unnamed: 0             x             y  ...  rostral.caudal  spot.id    image
0       12185   3965.500000  26604.583984  ...     1097.377561      NaN  CN73_E2
1       12186    902.051270  26600.513672  ...     1104.877930      NaN  CN73_E2
2       12187   3949.748047  26560.296875  ...     1094.377414      NaN  CN73_E2
3       12188   6231.878906  26551.273438  ...     1089.877192     31.0  CN73_E2
4       12189  12881.071289  26510.095703  ...     1098.877635     10.0  CN73_E2

[5 rows x 12 columns]
0 of 11770
10000 of 11770
11769 of 11770
### heart-alignment.ipynb: FAILED: ValueError: Non-hashable static arguments are not supported. An error occurred while trying to hash an object of type <class 'numpy.ndarray'>, 100. The error was:
TypeError: unhashable type: 'numpy.ndarray'

### notebook 3/17: merfish-allen3Datlas-alignment.ipynb
### merfish-allen3Datlas-alignment.ipynb: unsupported-3d; upstream=0.0s squidpy=0.0s
### notebook 4/17: merfish-merfish-alignment-affine-only-with-points.ipynb
                                Unnamed: 0  fov  ...        min_y        max_y
0  158338042824236264719696604356349910479   33  ...  2657.545209  2675.494810
1  260594727341160372355976405428092853003   33  ...  2757.013212  2769.886812
2  307643940700812339199503248604719950662   33  ...  2740.489211  2757.466812
3   30863303465976316429997331474071348973   33  ...  2756.581212  2776.798812
4  313162718584097621688679244357302162401   33  ...  2682.493210  2692.342810

[5 rows x 9 columns]
0 of 85958
10000 of 85958
20000 of 85958
30000 of 85958
40000 of 85958
50000 of 85958
60000 of 85958
70000 of 85958
80000 of 85958
85957 of 85958
0 of 84172
10000 of 84172
20000 of 84172
30000 of 84172
40000 of 84172
50000 of 84172
60000 of 84172
70000 of 84172
80000 of 84172
84171 of 84172
{'all': [(np.float64(4543.712969822371), np.float64(6776.805022223103)), (np.float64(4996.096840790115), np.float64(6824.424377061813)), (np.float64(5043.716195628824), np.float64(4752.982441577941)), (np.float64(3067.5129698223714), np.float64(4872.030828674716)), (np.float64(3900.851679499791), np.float64(4776.792118997297)), (np.float64(7019.919421435276), np.float64(5205.366312545683)), (np.float64(6091.342002080437), np.float64(5014.888893190845)), (np.float64(1543.6936149836606), np.float64(3395.830828674716)), (np.float64(3186.561356919145), np.float64(3419.6405060940706)), (np.float64(7115.158131112696), np.float64(3729.1663125456835)), (np.float64(8519.92909885463), np.float64(3038.685667384392)), (np.float64(5258.0032924030165), np.float64(2419.6340544811665)), (np.float64(5091.335550467533), np.float64(705.3372802876183))]}
{'all': [(np.float64(6777.380999410521), np.float64(7706.03581124174)), (np.float64(7123.880999410521), np.float64(7405.73581124174)), (np.float64(5529.9809994105235), np.float64(5765.63581124174)), (np.float64(4305.680999410524), np.float64(7613.635811241739)), (np.float64(4883.180999410524), np.float64(6643.435811241739)), (np.float64(7239.380999410521), np.float64(4726.13581124174)), (np.float64(6269.180999410521), np.float64(5211.2358112417405)), (np.float64(2249.780999410523), np.float64(7475.03581124174)), (np.float64(3289.280999410523), np.float64(6158.33581124174)), (np.float64(6615.680999410521), np.float64(3247.7358112417405)), (np.float64(6638.780999410523), np.float64(2046.5358112417398)), (np.float64(4074.6809994105242), np.float64(3963.835811241741)), (np.float64(3058.280999410523), np.float64(2693.335811241741))]}
[[6776.80502222 4543.71296982]
 [6824.42437706 4996.09684079]
 [4752.98244158 5043.71619563]
 [4872.03082867 3067.51296982]
 [4776.792119   3900.8516795 ]
 [5205.36631255 7019.91942144]
 [5014.88889319 6091.34200208]
 [3395.83082867 1543.69361498]
 [3419.64050609 3186.56135692]
 [3729.16631255 7115.15813111]
 [3038.68566738 8519.92909885]
 [2419.63405448 5258.0032924 ]
 [ 705.33728029 5091.33555047]]
[[7706.03581124 6777.38099941]
 [7405.73581124 7123.88099941]
 [5765.63581124 5529.98099941]
 [7613.63581124 4305.68099941]
 [6643.43581124 4883.18099941]
 [4726.13581124 7239.38099941]
 [5211.23581124 6269.18099941]
 [7475.03581124 2249.78099941]
 [6158.33581124 3289.28099941]
 [3247.73581124 6615.68099941]
 [2046.53581124 6638.78099941]
 [3963.83581124 4074.68099941]
 [2693.33581124 3058.28099941]]
### merfish-merfish-alignment-affine-only-with-points.ipynb: compared-affine; upstream=0.0s squidpy=0.0s
### notebook 5/17: merfish-merfish-alignment-affine-only.ipynb
/localscratch/selman.ozleyen/squidpy-stalign-comparisons/jobs/38938878/.venv/lib/python3.13/site-packages/torch/utils/_device.py:122: UserWarning: To copy construct from a tensor, it is recommended to use sourceTensor.detach().clone() or sourceTensor.detach().clone().requires_grad_(True), rather than torch.tensor(sourceTensor).
  return func(*args, **kwargs)
/localscratch/selman.ozleyen/squidpy-stalign-comparisons/jobs/38938878/squidpy-ports/vendor/STalign/STalign/STalign.py:1301: UserWarning: Data has no positive values, and therefore cannot be log-scaled.
  axE[2].set_yscale('log')
